// Jest Snapshot v1, https://goo.gl/fbAQLP

exports[`Probando toDoList Mostrar correctamente 1`] = `
<ul
  className="list-group list-group-flush"
>
  <TodoListItem
    handleDelete={[MockFunction]}
    handleToggle={[MockFunction]}
    i={0}
    key="1"
    toDo={
      Object {
        "descripcion": "Aprender React",
        "done": false,
        "id": 1,
      }
    }
  />
  <TodoListItem
    handleDelete={[MockFunction]}
    handleToggle={[MockFunction]}
    i={1}
    key="2"
    toDo={
      Object {
        "descripcion": "Aprender Mongo",
        "done": false,
        "id": 2,
      }
    }
  />
</ul>
`;
