// Jest Snapshot v1, https://goo.gl/fbAQLP

exports[`Pruebas en CounterApp Mostrar <CounterApp/> correctamente 1`] = `
<Fragment>
  <h1>
    CounterApp
  </h1>
  <h2>
    Valor de inicio: 
    0
  </h2>
  <h4>
    0
  </h4>
  <button
    onClick={[Function]}
  >
    +1
  </button>
  <button
    onClick={[Function]}
  >
    Reset
  </button>
  <button
    onClick={[Function]}
  >
    -1
  </button>
</Fragment>
`;
